// Jest Snapshot v1, https://goo.gl/fbAQLP

exports[`SummaryButton match snapshot 1`] = `
<SummaryLink
  to=""
/>
`;
