// Jest Snapshot v1, https://goo.gl/fbAQLP

exports[`Tag match snapshot 1`] = `<Fragment />`;
