// Jest Snapshot v1, https://goo.gl/fbAQLP

exports[`Label match snapshot 1`] = `
<label
  className="sc-AxjAm jywRGM"
/>
`;
