// Jest Snapshot v1, https://goo.gl/fbAQLP

exports[`CheckboxField match snapshot 1`] = `
<Checkbox>
  <Input
    type="checkbox"
  />
  <LabelCheckbox />
</Checkbox>
`;
