// Jest Snapshot v1, https://goo.gl/fbAQLP

exports[`Loader match snapshot 1`] = `
<StyledLoader>
  ≈Åadowanie...
</StyledLoader>
`;
