// Jest Snapshot v1, https://goo.gl/fbAQLP

exports[`Error match snapshot 1`] = `
<p
  className="sc-AxjAm bydDXS"
/>
`;
