// Jest Snapshot v1, https://goo.gl/fbAQLP

exports[`Error match snapshot 1`] = `
<div
  className="error"
>
  <p />
</div>
`;
