// Jest Snapshot v1, https://goo.gl/fbAQLP

exports[`TagsList match snapshot 1`] = `
<span>
  Brak tag√≥w
</span>
`;
